 ERR_PNPM_NO_IMPORTER_MANIFEST_FOUND  No package.json (or package.yaml, or package.json5) was found in "/home/gregmorris/projects/depthfusion".
